23:24:25 DEBUG : Logs will be stored at 'C:/repo/SOC/SoC_301/2_GROUND_WORK/2_PS_BASIC/2_USART_CONNECTION_SW/IDE.log'.
23:24:28 INFO  : Platform repository initialization has completed.
23:24:28 INFO  : Launching XSCT server: xsct.bat -n  -interactive C:\repo\SOC\SoC_301\2_GROUND_WORK\2_PS_BASIC\2_USART_CONNECTION_SW\temp_xsdb_launch_script.tcl
23:24:29 INFO  : Registering command handlers for Vitis TCF services
23:24:35 INFO  : XSCT server has started successfully.
23:24:40 INFO  : Successfully done setting XSCT server connection channel  
23:24:40 INFO  : plnx-install-location is set to ''
23:24:40 INFO  : Successfully done query RDI_DATADIR 
23:24:40 INFO  : Successfully done setting workspace for the tool. 
23:26:30 INFO  : Result from executing command 'getProjects': USART_HW_wrapper
23:26:30 INFO  : Result from executing command 'getPlatforms': 
23:26:30 WARN  : An unexpected exception occurred in the module 'platform project logging'
23:26:31 INFO  : Platform 'USART_HW_wrapper' is added to custom repositories.
23:26:41 INFO  : Platform 'USART_HW_wrapper' is added to custom repositories.
23:27:16 INFO  : Result from executing command 'getProjects': USART_HW_wrapper
23:27:16 INFO  : Result from executing command 'getPlatforms': USART_HW_wrapper|C:/repo/SOC/SoC_301/2_GROUND_WORK/2_PS_BASIC/2_USART_CONNECTION_SW/USART_HW_wrapper/export/USART_HW_wrapper/USART_HW_wrapper.xpfm
23:27:16 INFO  : Checking for BSP changes to sync application flags for project 'USART'...
23:28:30 INFO  : Checking for BSP changes to sync application flags for project 'USART'...
23:32:18 INFO  : Connected to target on host '127.0.0.1' and port '3121'.
23:32:19 INFO  : Jtag cable 'Digilent Zybo Z7 210351BDF8EBA' is selected.
23:32:19 INFO  : 'jtag frequency' command is executed.
23:32:19 INFO  : Context for 'APU' is selected.
23:32:19 INFO  : System reset is completed.
23:32:22 INFO  : 'after 3000' command is executed.
23:32:22 INFO  : 'targets -set -filter {jtag_cable_name =~ "Digilent Zybo Z7 210351BDF8EBA" && level==0 && jtag_device_ctx=="jsn-Zybo Z7-210351BDF8EBA-23727093-0"}' command is executed.
23:32:25 INFO  : Device configured successfully with "C:/repo/SOC/SoC_301/2_GROUND_WORK/2_PS_BASIC/2_USART_CONNECTION_SW/USART/_ide/bitstream/USART_HW_wrapper.bit"
23:32:25 INFO  : Context for 'APU' is selected.
23:32:25 INFO  : Hardware design and registers information is loaded from 'C:/repo/SOC/SoC_301/2_GROUND_WORK/2_PS_BASIC/2_USART_CONNECTION_SW/USART_HW_wrapper/export/USART_HW_wrapper/hw/USART_HW_wrapper.xsa'.
23:32:25 INFO  : 'configparams force-mem-access 1' command is executed.
23:32:25 INFO  : Context for 'APU' is selected.
23:32:25 INFO  : Sourcing of 'C:/repo/SOC/SoC_301/2_GROUND_WORK/2_PS_BASIC/2_USART_CONNECTION_SW/USART/_ide/psinit/ps7_init.tcl' is done.
23:32:25 INFO  : 'ps7_init' command is executed.
23:32:25 INFO  : 'ps7_post_config' command is executed.
23:32:25 INFO  : Context for processor 'ps7_cortexa9_0' is selected.
23:32:25 INFO  : The application 'C:/repo/SOC/SoC_301/2_GROUND_WORK/2_PS_BASIC/2_USART_CONNECTION_SW/USART/Debug/USART.elf' is downloaded to processor 'ps7_cortexa9_0'.
23:32:25 INFO  : 'configparams force-mem-access 0' command is executed.
23:32:25 INFO  : ----------------XSDB Script----------------
connect -url tcp:127.0.0.1:3121
targets -set -nocase -filter {name =~"APU*"}
rst -system
after 3000
targets -set -filter {jtag_cable_name =~ "Digilent Zybo Z7 210351BDF8EBA" && level==0 && jtag_device_ctx=="jsn-Zybo Z7-210351BDF8EBA-23727093-0"}
fpga -file C:/repo/SOC/SoC_301/2_GROUND_WORK/2_PS_BASIC/2_USART_CONNECTION_SW/USART/_ide/bitstream/USART_HW_wrapper.bit
targets -set -nocase -filter {name =~"APU*"}
loadhw -hw C:/repo/SOC/SoC_301/2_GROUND_WORK/2_PS_BASIC/2_USART_CONNECTION_SW/USART_HW_wrapper/export/USART_HW_wrapper/hw/USART_HW_wrapper.xsa -mem-ranges [list {0x40000000 0xbfffffff}] -regs
configparams force-mem-access 1
targets -set -nocase -filter {name =~"APU*"}
source C:/repo/SOC/SoC_301/2_GROUND_WORK/2_PS_BASIC/2_USART_CONNECTION_SW/USART/_ide/psinit/ps7_init.tcl
ps7_init
ps7_post_config
targets -set -nocase -filter {name =~ "*A9*#0"}
dow C:/repo/SOC/SoC_301/2_GROUND_WORK/2_PS_BASIC/2_USART_CONNECTION_SW/USART/Debug/USART.elf
configparams force-mem-access 0
----------------End of Script----------------

23:32:25 INFO  : Context for processor 'ps7_cortexa9_0' is selected.
23:32:26 INFO  : 'con' command is executed.
23:32:26 INFO  : ----------------XSDB Script (After Launch)----------------
targets -set -nocase -filter {name =~ "*A9*#0"}
con
----------------End of Script----------------

23:32:26 INFO  : Launch script is exported to file 'C:\repo\SOC\SoC_301\2_GROUND_WORK\2_PS_BASIC\2_USART_CONNECTION_SW\USART_system\_ide\scripts\systemdebugger_usart_system_standalone.tcl'
23:33:24 INFO  : Disconnected from the channel tcfchan#2.
23:34:32 DEBUG : Logs will be stored at 'C:/repo/SOC/SoC_301/2_GROUND_WORK/2_PS_BASIC/2_USART_CONNECTION_SW/IDE.log'.
23:34:33 INFO  : Launching XSCT server: xsct.bat -n  -interactive C:\repo\SOC\SoC_301\2_GROUND_WORK\2_PS_BASIC\2_USART_CONNECTION_SW\temp_xsdb_launch_script.tcl
23:34:36 INFO  : Platform repository initialization has completed.
23:34:36 INFO  : Registering command handlers for Vitis TCF services
23:34:36 INFO  : XSCT server has started successfully.
23:34:36 INFO  : Successfully done setting XSCT server connection channel  
23:34:36 INFO  : plnx-install-location is set to ''
23:34:36 INFO  : Successfully done query RDI_DATADIR 
23:34:36 INFO  : Successfully done setting workspace for the tool. 
23:34:44 INFO  : Checking for BSP changes to sync application flags for project 'USART'...
23:35:00 INFO  : Connected to target on host '127.0.0.1' and port '3121'.
23:35:02 INFO  : Jtag cable 'Digilent Zybo Z7 210351BDF8EBA' is selected.
23:35:02 INFO  : 'jtag frequency' command is executed.
23:35:02 INFO  : Context for 'APU' is selected.
23:35:02 INFO  : System reset is completed.
23:35:05 INFO  : 'after 3000' command is executed.
23:35:05 INFO  : 'targets -set -filter {jtag_cable_name =~ "Digilent Zybo Z7 210351BDF8EBA" && level==0 && jtag_device_ctx=="jsn-Zybo Z7-210351BDF8EBA-23727093-0"}' command is executed.
23:35:08 INFO  : Device configured successfully with "C:/repo/SOC/SoC_301/2_GROUND_WORK/2_PS_BASIC/2_USART_CONNECTION_SW/USART/_ide/bitstream/USART_HW_wrapper.bit"
23:35:08 INFO  : Context for 'APU' is selected.
23:35:08 INFO  : Hardware design and registers information is loaded from 'C:/repo/SOC/SoC_301/2_GROUND_WORK/2_PS_BASIC/2_USART_CONNECTION_SW/USART_HW_wrapper/export/USART_HW_wrapper/hw/USART_HW_wrapper.xsa'.
23:35:08 INFO  : 'configparams force-mem-access 1' command is executed.
23:35:08 INFO  : Context for 'APU' is selected.
23:35:08 INFO  : Sourcing of 'C:/repo/SOC/SoC_301/2_GROUND_WORK/2_PS_BASIC/2_USART_CONNECTION_SW/USART/_ide/psinit/ps7_init.tcl' is done.
23:35:08 INFO  : 'ps7_init' command is executed.
23:35:08 INFO  : 'ps7_post_config' command is executed.
23:35:08 INFO  : Context for processor 'ps7_cortexa9_0' is selected.
23:35:08 INFO  : The application 'C:/repo/SOC/SoC_301/2_GROUND_WORK/2_PS_BASIC/2_USART_CONNECTION_SW/USART/Debug/USART.elf' is downloaded to processor 'ps7_cortexa9_0'.
23:35:08 INFO  : 'configparams force-mem-access 0' command is executed.
23:35:08 INFO  : ----------------XSDB Script----------------
connect -url tcp:127.0.0.1:3121
targets -set -nocase -filter {name =~"APU*"}
rst -system
after 3000
targets -set -filter {jtag_cable_name =~ "Digilent Zybo Z7 210351BDF8EBA" && level==0 && jtag_device_ctx=="jsn-Zybo Z7-210351BDF8EBA-23727093-0"}
fpga -file C:/repo/SOC/SoC_301/2_GROUND_WORK/2_PS_BASIC/2_USART_CONNECTION_SW/USART/_ide/bitstream/USART_HW_wrapper.bit
targets -set -nocase -filter {name =~"APU*"}
loadhw -hw C:/repo/SOC/SoC_301/2_GROUND_WORK/2_PS_BASIC/2_USART_CONNECTION_SW/USART_HW_wrapper/export/USART_HW_wrapper/hw/USART_HW_wrapper.xsa -mem-ranges [list {0x40000000 0xbfffffff}] -regs
configparams force-mem-access 1
targets -set -nocase -filter {name =~"APU*"}
source C:/repo/SOC/SoC_301/2_GROUND_WORK/2_PS_BASIC/2_USART_CONNECTION_SW/USART/_ide/psinit/ps7_init.tcl
ps7_init
ps7_post_config
targets -set -nocase -filter {name =~ "*A9*#0"}
dow C:/repo/SOC/SoC_301/2_GROUND_WORK/2_PS_BASIC/2_USART_CONNECTION_SW/USART/Debug/USART.elf
configparams force-mem-access 0
----------------End of Script----------------

23:35:08 INFO  : Context for processor 'ps7_cortexa9_0' is selected.
23:35:08 INFO  : 'con' command is executed.
23:35:08 INFO  : ----------------XSDB Script (After Launch)----------------
targets -set -nocase -filter {name =~ "*A9*#0"}
con
----------------End of Script----------------

23:35:08 INFO  : Launch script is exported to file 'C:\repo\SOC\SoC_301\2_GROUND_WORK\2_PS_BASIC\2_USART_CONNECTION_SW\USART_system\_ide\scripts\systemdebugger_usart_system_standalone.tcl'
23:36:30 INFO  : Disconnected from the channel tcfchan#1.
