23:42:12 DEBUG : Logs will be stored at 'C:/repo/SOC/SoC_301/2_GROUND_WORK/3_EMBEDDED_C_BASIC/1_DATA_TYPE/IDE.log'.
23:42:14 INFO  : Launching XSCT server: xsct.bat -n  -interactive C:\repo\SOC\SoC_301\2_GROUND_WORK\3_EMBEDDED_C_BASIC\1_DATA_TYPE\temp_xsdb_launch_script.tcl
23:42:14 INFO  : Platform repository initialization has completed.
23:42:14 INFO  : Registering command handlers for Vitis TCF services
23:42:17 INFO  : XSCT server has started successfully.
23:42:17 INFO  : plnx-install-location is set to ''
23:42:17 INFO  : Successfully done setting XSCT server connection channel  
23:42:17 INFO  : Successfully done query RDI_DATADIR 
23:42:17 INFO  : Successfully done setting workspace for the tool. 
23:43:08 INFO  : Result from executing command 'getProjects': USART_HW_wrapper
23:43:08 INFO  : Result from executing command 'getPlatforms': 
23:43:08 WARN  : An unexpected exception occurred in the module 'platform project logging'
23:43:09 INFO  : Platform 'USART_HW_wrapper' is added to custom repositories.
23:43:16 INFO  : Platform 'USART_HW_wrapper' is added to custom repositories.
23:47:02 INFO  : Result from executing command 'getProjects': USART_HW_wrapper
23:47:02 INFO  : Result from executing command 'getPlatforms': USART_HW_wrapper|C:/repo/SOC/SoC_301/2_GROUND_WORK/3_EMBEDDED_C_BASIC/1_DATA_TYPE/USART_HW_wrapper/export/USART_HW_wrapper/USART_HW_wrapper.xpfm
23:47:03 INFO  : Checking for BSP changes to sync application flags for project 'data_type'...
23:47:26 INFO  : Checking for BSP changes to sync application flags for project 'data_type'...
23:47:38 INFO  : Connected to target on host '127.0.0.1' and port '3121'.
23:47:39 INFO  : Jtag cable 'Digilent Zybo Z7 210351BDF8EBA' is selected.
23:47:39 INFO  : 'jtag frequency' command is executed.
23:47:39 INFO  : Context for 'APU' is selected.
23:47:39 INFO  : System reset is completed.
23:47:42 INFO  : 'after 3000' command is executed.
23:47:42 INFO  : 'targets -set -filter {jtag_cable_name =~ "Digilent Zybo Z7 210351BDF8EBA" && level==0 && jtag_device_ctx=="jsn-Zybo Z7-210351BDF8EBA-23727093-0"}' command is executed.
23:47:45 INFO  : Device configured successfully with "C:/repo/SOC/SoC_301/2_GROUND_WORK/3_EMBEDDED_C_BASIC/1_DATA_TYPE/data_type/_ide/bitstream/USART_HW_wrapper.bit"
23:47:45 INFO  : Context for 'APU' is selected.
23:47:45 INFO  : Hardware design and registers information is loaded from 'C:/repo/SOC/SoC_301/2_GROUND_WORK/3_EMBEDDED_C_BASIC/1_DATA_TYPE/USART_HW_wrapper/export/USART_HW_wrapper/hw/USART_HW_wrapper.xsa'.
23:47:45 INFO  : 'configparams force-mem-access 1' command is executed.
23:47:45 INFO  : Context for 'APU' is selected.
23:47:45 INFO  : Sourcing of 'C:/repo/SOC/SoC_301/2_GROUND_WORK/3_EMBEDDED_C_BASIC/1_DATA_TYPE/data_type/_ide/psinit/ps7_init.tcl' is done.
23:47:45 INFO  : 'ps7_init' command is executed.
23:47:45 INFO  : 'ps7_post_config' command is executed.
23:47:45 INFO  : Context for processor 'ps7_cortexa9_0' is selected.
23:47:45 INFO  : The application 'C:/repo/SOC/SoC_301/2_GROUND_WORK/3_EMBEDDED_C_BASIC/1_DATA_TYPE/data_type/Debug/data_type.elf' is downloaded to processor 'ps7_cortexa9_0'.
23:47:45 INFO  : 'configparams force-mem-access 0' command is executed.
23:47:45 INFO  : ----------------XSDB Script----------------
connect -url tcp:127.0.0.1:3121
targets -set -nocase -filter {name =~"APU*"}
rst -system
after 3000
targets -set -filter {jtag_cable_name =~ "Digilent Zybo Z7 210351BDF8EBA" && level==0 && jtag_device_ctx=="jsn-Zybo Z7-210351BDF8EBA-23727093-0"}
fpga -file C:/repo/SOC/SoC_301/2_GROUND_WORK/3_EMBEDDED_C_BASIC/1_DATA_TYPE/data_type/_ide/bitstream/USART_HW_wrapper.bit
targets -set -nocase -filter {name =~"APU*"}
loadhw -hw C:/repo/SOC/SoC_301/2_GROUND_WORK/3_EMBEDDED_C_BASIC/1_DATA_TYPE/USART_HW_wrapper/export/USART_HW_wrapper/hw/USART_HW_wrapper.xsa -mem-ranges [list {0x40000000 0xbfffffff}] -regs
configparams force-mem-access 1
targets -set -nocase -filter {name =~"APU*"}
source C:/repo/SOC/SoC_301/2_GROUND_WORK/3_EMBEDDED_C_BASIC/1_DATA_TYPE/data_type/_ide/psinit/ps7_init.tcl
ps7_init
ps7_post_config
targets -set -nocase -filter {name =~ "*A9*#0"}
dow C:/repo/SOC/SoC_301/2_GROUND_WORK/3_EMBEDDED_C_BASIC/1_DATA_TYPE/data_type/Debug/data_type.elf
configparams force-mem-access 0
----------------End of Script----------------

23:47:45 INFO  : Context for processor 'ps7_cortexa9_0' is selected.
23:47:45 INFO  : 'con' command is executed.
23:47:45 INFO  : ----------------XSDB Script (After Launch)----------------
targets -set -nocase -filter {name =~ "*A9*#0"}
con
----------------End of Script----------------

23:47:45 INFO  : Launch script is exported to file 'C:\repo\SOC\SoC_301\2_GROUND_WORK\3_EMBEDDED_C_BASIC\1_DATA_TYPE\data_type_system\_ide\scripts\debugger_data_type-default.tcl'
23:49:39 INFO  : Checking for BSP changes to sync application flags for project 'data_type'...
23:49:55 INFO  : Disconnected from the channel tcfchan#2.
23:49:56 INFO  : Connected to target on host '127.0.0.1' and port '3121'.
23:49:58 INFO  : ----------------XSDB Script----------------
connect -url tcp:127.0.0.1:3121
----------------End of Script----------------

23:49:58 ERROR : Could not find FPGA device on the board for connection 'Local'.


Troubleshooting hints:
1. Check whether board is connected to system properly.
2. In case of zynq board, check whether Digilent/Xilinx cable switch settings are correct.
3. If you are using Xilinx Platform Cable USB, ensure that status LED is green.
23:50:10 INFO  : Connected to target on host '127.0.0.1' and port '3121'.
23:50:10 INFO  : Jtag cable 'Digilent Zybo Z7 210351BDF8EBA' is selected.
23:50:10 INFO  : 'jtag frequency' command is executed.
23:50:10 INFO  : Context for 'APU' is selected.
23:50:10 INFO  : System reset is completed.
23:50:13 INFO  : 'after 3000' command is executed.
23:50:13 INFO  : 'targets -set -filter {jtag_cable_name =~ "Digilent Zybo Z7 210351BDF8EBA" && level==0 && jtag_device_ctx=="jsn-Zybo Z7-210351BDF8EBA-23727093-0"}' command is executed.
23:50:16 INFO  : Device configured successfully with "C:/repo/SOC/SoC_301/2_GROUND_WORK/3_EMBEDDED_C_BASIC/1_DATA_TYPE/data_type/_ide/bitstream/USART_HW_wrapper.bit"
23:50:16 INFO  : Context for 'APU' is selected.
23:50:16 INFO  : Hardware design and registers information is loaded from 'C:/repo/SOC/SoC_301/2_GROUND_WORK/3_EMBEDDED_C_BASIC/1_DATA_TYPE/USART_HW_wrapper/export/USART_HW_wrapper/hw/USART_HW_wrapper.xsa'.
23:50:16 INFO  : 'configparams force-mem-access 1' command is executed.
23:50:16 INFO  : Context for 'APU' is selected.
23:50:16 INFO  : Sourcing of 'C:/repo/SOC/SoC_301/2_GROUND_WORK/3_EMBEDDED_C_BASIC/1_DATA_TYPE/data_type/_ide/psinit/ps7_init.tcl' is done.
23:50:16 INFO  : 'ps7_init' command is executed.
23:50:16 INFO  : 'ps7_post_config' command is executed.
23:50:16 INFO  : Context for processor 'ps7_cortexa9_0' is selected.
23:50:16 INFO  : The application 'C:/repo/SOC/SoC_301/2_GROUND_WORK/3_EMBEDDED_C_BASIC/1_DATA_TYPE/data_type/Debug/data_type.elf' is downloaded to processor 'ps7_cortexa9_0'.
23:50:16 INFO  : 'configparams force-mem-access 0' command is executed.
23:50:16 INFO  : ----------------XSDB Script----------------
connect -url tcp:127.0.0.1:3121
targets -set -nocase -filter {name =~"APU*"}
rst -system
after 3000
targets -set -filter {jtag_cable_name =~ "Digilent Zybo Z7 210351BDF8EBA" && level==0 && jtag_device_ctx=="jsn-Zybo Z7-210351BDF8EBA-23727093-0"}
fpga -file C:/repo/SOC/SoC_301/2_GROUND_WORK/3_EMBEDDED_C_BASIC/1_DATA_TYPE/data_type/_ide/bitstream/USART_HW_wrapper.bit
targets -set -nocase -filter {name =~"APU*"}
loadhw -hw C:/repo/SOC/SoC_301/2_GROUND_WORK/3_EMBEDDED_C_BASIC/1_DATA_TYPE/USART_HW_wrapper/export/USART_HW_wrapper/hw/USART_HW_wrapper.xsa -mem-ranges [list {0x40000000 0xbfffffff}] -regs
configparams force-mem-access 1
targets -set -nocase -filter {name =~"APU*"}
source C:/repo/SOC/SoC_301/2_GROUND_WORK/3_EMBEDDED_C_BASIC/1_DATA_TYPE/data_type/_ide/psinit/ps7_init.tcl
ps7_init
ps7_post_config
targets -set -nocase -filter {name =~ "*A9*#0"}
dow C:/repo/SOC/SoC_301/2_GROUND_WORK/3_EMBEDDED_C_BASIC/1_DATA_TYPE/data_type/Debug/data_type.elf
configparams force-mem-access 0
----------------End of Script----------------

23:50:16 INFO  : Context for processor 'ps7_cortexa9_0' is selected.
23:50:16 INFO  : 'con' command is executed.
23:50:16 INFO  : ----------------XSDB Script (After Launch)----------------
targets -set -nocase -filter {name =~ "*A9*#0"}
con
----------------End of Script----------------

23:50:16 INFO  : Launch script is exported to file 'C:\repo\SOC\SoC_301\2_GROUND_WORK\3_EMBEDDED_C_BASIC\1_DATA_TYPE\data_type_system\_ide\scripts\debugger_data_type-default.tcl'
23:51:52 INFO  : Checking for BSP changes to sync application flags for project 'data_type'...
23:52:03 INFO  : Disconnected from the channel tcfchan#3.
23:52:05 INFO  : Connected to target on host '127.0.0.1' and port '3121'.
23:52:14 INFO  : ----------------XSDB Script----------------
connect -url tcp:127.0.0.1:3121
----------------End of Script----------------

23:52:14 ERROR : Could not find Jtag device on the board for connection 'Local'.


Troubleshooting hints:
1. Check whether board is connected to system properly.
2. In case of zynq board, check whether Digilent/Xilinx cable switch settings are correct.
3. If you are using Xilinx Platform Cable USB, ensure that status LED is green.
23:52:21 INFO  : Connected to target on host '127.0.0.1' and port '3121'.
23:52:21 INFO  : Jtag cable 'Digilent Zybo Z7 210351BDF8EBA' is selected.
23:52:21 INFO  : 'jtag frequency' command is executed.
23:52:21 INFO  : Context for 'APU' is selected.
23:52:21 INFO  : System reset is completed.
23:52:24 INFO  : 'after 3000' command is executed.
23:52:24 INFO  : 'targets -set -filter {jtag_cable_name =~ "Digilent Zybo Z7 210351BDF8EBA" && level==0 && jtag_device_ctx=="jsn-Zybo Z7-210351BDF8EBA-23727093-0"}' command is executed.
23:52:27 INFO  : Device configured successfully with "C:/repo/SOC/SoC_301/2_GROUND_WORK/3_EMBEDDED_C_BASIC/1_DATA_TYPE/data_type/_ide/bitstream/USART_HW_wrapper.bit"
23:52:27 INFO  : Context for 'APU' is selected.
23:52:27 INFO  : Hardware design and registers information is loaded from 'C:/repo/SOC/SoC_301/2_GROUND_WORK/3_EMBEDDED_C_BASIC/1_DATA_TYPE/USART_HW_wrapper/export/USART_HW_wrapper/hw/USART_HW_wrapper.xsa'.
23:52:27 INFO  : 'configparams force-mem-access 1' command is executed.
23:52:27 INFO  : Context for 'APU' is selected.
23:52:27 INFO  : Sourcing of 'C:/repo/SOC/SoC_301/2_GROUND_WORK/3_EMBEDDED_C_BASIC/1_DATA_TYPE/data_type/_ide/psinit/ps7_init.tcl' is done.
23:52:27 INFO  : 'ps7_init' command is executed.
23:52:27 INFO  : 'ps7_post_config' command is executed.
23:52:27 INFO  : Context for processor 'ps7_cortexa9_0' is selected.
23:52:27 INFO  : The application 'C:/repo/SOC/SoC_301/2_GROUND_WORK/3_EMBEDDED_C_BASIC/1_DATA_TYPE/data_type/Debug/data_type.elf' is downloaded to processor 'ps7_cortexa9_0'.
23:52:27 INFO  : 'configparams force-mem-access 0' command is executed.
23:52:27 INFO  : ----------------XSDB Script----------------
connect -url tcp:127.0.0.1:3121
targets -set -nocase -filter {name =~"APU*"}
rst -system
after 3000
targets -set -filter {jtag_cable_name =~ "Digilent Zybo Z7 210351BDF8EBA" && level==0 && jtag_device_ctx=="jsn-Zybo Z7-210351BDF8EBA-23727093-0"}
fpga -file C:/repo/SOC/SoC_301/2_GROUND_WORK/3_EMBEDDED_C_BASIC/1_DATA_TYPE/data_type/_ide/bitstream/USART_HW_wrapper.bit
targets -set -nocase -filter {name =~"APU*"}
loadhw -hw C:/repo/SOC/SoC_301/2_GROUND_WORK/3_EMBEDDED_C_BASIC/1_DATA_TYPE/USART_HW_wrapper/export/USART_HW_wrapper/hw/USART_HW_wrapper.xsa -mem-ranges [list {0x40000000 0xbfffffff}] -regs
configparams force-mem-access 1
targets -set -nocase -filter {name =~"APU*"}
source C:/repo/SOC/SoC_301/2_GROUND_WORK/3_EMBEDDED_C_BASIC/1_DATA_TYPE/data_type/_ide/psinit/ps7_init.tcl
ps7_init
ps7_post_config
targets -set -nocase -filter {name =~ "*A9*#0"}
dow C:/repo/SOC/SoC_301/2_GROUND_WORK/3_EMBEDDED_C_BASIC/1_DATA_TYPE/data_type/Debug/data_type.elf
configparams force-mem-access 0
----------------End of Script----------------

23:52:27 INFO  : Context for processor 'ps7_cortexa9_0' is selected.
23:52:27 INFO  : 'con' command is executed.
23:52:27 INFO  : ----------------XSDB Script (After Launch)----------------
targets -set -nocase -filter {name =~ "*A9*#0"}
con
----------------End of Script----------------

23:52:27 INFO  : Launch script is exported to file 'C:\repo\SOC\SoC_301\2_GROUND_WORK\3_EMBEDDED_C_BASIC\1_DATA_TYPE\data_type_system\_ide\scripts\debugger_data_type-default.tcl'
23:53:37 INFO  : Disconnected from the channel tcfchan#4.
