Nothing to build in platform 'USART_HW_wrapper'

23:34:46 **** Incremental Build of configuration Debug for project USART ****
make all 
make --no-print-directory pre-build
a9-linaro-pre-build-step
' '
make --no-print-directory main-build
'Building file: ../src/helloworld.c'
'Invoking: ARM v7 gcc compiler'
arm-none-eabi-gcc -Wall -O0 -g3 -c -fmessage-length=0 -MT"src/helloworld.o" -mcpu=cortex-a9 -mfpu=vfpv3 -mfloat-abi=hard -IC:/repo/SOC/SoC_301/2_GROUND_WORK/2_PS_BASIC/2_USART_CONNECTION_SW/USART_HW_wrapper/export/USART_HW_wrapper/sw/USART_HW_wrapper/standalone_ps7_cortexa9_0/bspinclude/include -MMD -MP -MF"src/helloworld.d" -MT"src/helloworld.o" -o "src/helloworld.o" "../src/helloworld.c"
../src/helloworld.c: In function 'main':
../src/helloworld.c:32:9: warning: implicit declaration of function 'sleep' [-Wimplicit-function-declaration]
   32 |         sleep(5);
      |         ^~~~~
'Finished building: ../src/helloworld.c'
' '
'Building target: USART.elf'
'Invoking: ARM v7 gcc linker'
arm-none-eabi-gcc -mcpu=cortex-a9 -mfpu=vfpv3 -mfloat-abi=hard -Wl,-build-id=none -specs=Xilinx.spec -Wl,-T -Wl,../src/lscript.ld -LC:/repo/SOC/SoC_301/2_GROUND_WORK/2_PS_BASIC/2_USART_CONNECTION_SW/USART_HW_wrapper/export/USART_HW_wrapper/sw/USART_HW_wrapper/standalone_ps7_cortexa9_0/bsplib/lib -o "USART.elf"  ./src/helloworld.o ./src/platform.o   -Wl,--start-group,-lxil,-lgcc,-lc,--end-group
'Finished building target: USART.elf'
' '
'Invoking: ARM v7 Print Size'
arm-none-eabi-size USART.elf  |tee "USART.elf.size"
   text	   data	    bss	    dec	    hex	filename
  24352	   1416	  22952	  48720	   be50	USART.elf
'Finished building: USART.elf.size'
' '
