Nothing to build in platform 'USART_HW_wrapper'

23:51:53 **** Incremental Build of configuration Debug for project data_type ****
make all 
make --no-print-directory pre-build
a9-linaro-pre-build-step
' '
make --no-print-directory main-build
'Building file: ../src/helloworld.c'
'Invoking: ARM v7 gcc compiler'
arm-none-eabi-gcc -Wall -O0 -g3 -c -fmessage-length=0 -MT"src/helloworld.o" -mcpu=cortex-a9 -mfpu=vfpv3 -mfloat-abi=hard -IC:/repo/SOC/SoC_301/2_GROUND_WORK/3_EMBEDDED_C_BASIC/1_DATA_TYPE/USART_HW_wrapper/export/USART_HW_wrapper/sw/USART_HW_wrapper/standalone_ps7_cortexa9_0/bspinclude/include -MMD -MP -MF"src/helloworld.d" -MT"src/helloworld.o" -o "src/helloworld.o" "../src/helloworld.c"
'Finished building: ../src/helloworld.c'
' '
'Building target: data_type.elf'
'Invoking: ARM v7 gcc linker'
arm-none-eabi-gcc -mcpu=cortex-a9 -mfpu=vfpv3 -mfloat-abi=hard -Wl,-build-id=none -specs=Xilinx.spec -Wl,-T -Wl,../src/lscript.ld -LC:/repo/SOC/SoC_301/2_GROUND_WORK/3_EMBEDDED_C_BASIC/1_DATA_TYPE/USART_HW_wrapper/export/USART_HW_wrapper/sw/USART_HW_wrapper/standalone_ps7_cortexa9_0/bsplib/lib -o "data_type.elf"  ./src/helloworld.o ./src/platform.o   -Wl,--start-group,-lxil,-lgcc,-lc,--end-group
'Finished building target: data_type.elf'
' '
'Invoking: ARM v7 Print Size'
arm-none-eabi-size data_type.elf  |tee "data_type.elf.size"
   text	   data	    bss	    dec	    hex	filename
  47495	   1780	  22960	  72235	  11a2b	data_type.elf
'Finished building: data_type.elf.size'
' '
