Copyright 1986-2022 Xilinx, Inc. All Rights Reserved. Copyright 2022-2024 Advanced Micro Devices, Inc. All Rights Reserved.
------------------------------------------------------------------------------------------------------------------------------------------------------------------------------------------------------------------------------
| Tool Version : Vivado v.2024.2 (win64) Build 5239630 Fri Nov 08 22:35:27 MST 2024
| Date         : Fri Sep  4 00:22:16 2026
| Host         : DESKTOP-21HL77P running 64-bit major release  (build 9200)
| Command      : report_timing_summary -max_paths 10 -report_unconstrained -file led_counter_timing_summary_routed.rpt -pb led_counter_timing_summary_routed.pb -rpx led_counter_timing_summary_routed.rpx -warn_on_violation
| Design       : led_counter
| Device       : 7z020-clg400
| Speed File   : -1  PRODUCTION 1.12 2019-11-22
| Design State : Routed
------------------------------------------------------------------------------------------------------------------------------------------------------------------------------------------------------------------------------

Timing Summary Report

------------------------------------------------------------------------------------------------
| Timer Settings
| --------------
------------------------------------------------------------------------------------------------

  Enable Multi Corner Analysis               :  Yes
  Enable Pessimism Removal                   :  Yes
  Pessimism Removal Resolution               :  Nearest Common Node
  Enable Input Delay Default Clock           :  No
  Enable Preset / Clear Arcs                 :  No
  Disable Flight Delays                      :  No
  Ignore I/O Paths                           :  No
  Timing Early Launch at Borrowing Latches   :  No
  Borrow Time for Max Delay Exceptions       :  Yes
  Merge Timing Exceptions                    :  Yes
  Inter-SLR Compensation                     :  Conservative

  Corner  Analyze    Analyze    
  Name    Max Paths  Min Paths  
  ------  ---------  ---------  
  Slow    Yes        Yes        
  Fast    Yes        Yes        


------------------------------------------------------------------------------------------------
| Report Methodology
| ------------------
------------------------------------------------------------------------------------------------

Rule       Severity          Description                  Violations  
---------  ----------------  ---------------------------  ----------  
TIMING-17  Critical Warning  Non-clocked sequential cell  33          

Note: This report is based on the most recent report_methodology run and may not be up-to-date. Run report_methodology on the current design for the latest report.



check_timing report

Table of Contents
-----------------
1. checking no_clock (33)
2. checking constant_clock (0)
3. checking pulse_width_clock (0)
4. checking unconstrained_internal_endpoints (70)
5. checking no_input_delay (1)
6. checking no_output_delay (4)
7. checking multiple_clock (0)
8. checking generated_clocks (0)
9. checking loops (0)
10. checking partial_input_delay (0)
11. checking partial_output_delay (0)
12. checking latch_loops (0)

1. checking no_clock (33)
-------------------------
 There are 33 register/latch pins with no clock driven by root clock pin: clk (HIGH)


2. checking constant_clock (0)
------------------------------
 There are 0 register/latch pins with constant_clock.


3. checking pulse_width_clock (0)
---------------------------------
 There are 0 register/latch pins which need pulse_width check


4. checking unconstrained_internal_endpoints (70)
-------------------------------------------------
 There are 70 pins that are not constrained for maximum delay. (HIGH)

 There are 0 pins that are not constrained for maximum delay due to constant clock.


5. checking no_input_delay (1)
------------------------------
 There is 1 input port with no input delay specified. (HIGH)

 There are 0 input ports with no input delay but user has a false path constraint.


6. checking no_output_delay (4)
-------------------------------
 There are 4 ports with no output delay specified. (HIGH)

 There are 0 ports with no output delay but user has a false path constraint

 There are 0 ports with no output delay but with a timing clock defined on it or propagating through it


7. checking multiple_clock (0)
------------------------------
 There are 0 register/latch pins with multiple clocks.


8. checking generated_clocks (0)
--------------------------------
 There are 0 generated clocks that are not connected to a clock source.


9. checking loops (0)
---------------------
 There are 0 combinational loops in the design.


10. checking partial_input_delay (0)
------------------------------------
 There are 0 input ports with partial input delay specified.


11. checking partial_output_delay (0)
-------------------------------------
 There are 0 ports with partial output delay specified.


12. checking latch_loops (0)
----------------------------
 There are 0 combinational latch loops in the design through latch input



------------------------------------------------------------------------------------------------
| Design Timing Summary
| ---------------------
------------------------------------------------------------------------------------------------

    WNS(ns)      TNS(ns)  TNS Failing Endpoints  TNS Total Endpoints      WHS(ns)      THS(ns)  THS Failing Endpoints  THS Total Endpoints     WPWS(ns)     TPWS(ns)  TPWS Failing Endpoints  TPWS Total Endpoints  
    -------      -------  ---------------------  -------------------      -------      -------  ---------------------  -------------------     --------     --------  ----------------------  --------------------  
        inf        0.000                      0                   74          inf        0.000                      0                   74           NA           NA                      NA                    NA  


There are no user specified timing constraints.


------------------------------------------------------------------------------------------------
| Clock Summary
| -------------
------------------------------------------------------------------------------------------------


------------------------------------------------------------------------------------------------
| Intra Clock Table
| -----------------
------------------------------------------------------------------------------------------------

Clock             WNS(ns)      TNS(ns)  TNS Failing Endpoints  TNS Total Endpoints      WHS(ns)      THS(ns)  THS Failing Endpoints  THS Total Endpoints     WPWS(ns)     TPWS(ns)  TPWS Failing Endpoints  TPWS Total Endpoints  
-----             -------      -------  ---------------------  -------------------      -------      -------  ---------------------  -------------------     --------     --------  ----------------------  --------------------  


------------------------------------------------------------------------------------------------
| Inter Clock Table
| -----------------
------------------------------------------------------------------------------------------------

From Clock    To Clock          WNS(ns)      TNS(ns)  TNS Failing Endpoints  TNS Total Endpoints      WHS(ns)      THS(ns)  THS Failing Endpoints  THS Total Endpoints  
----------    --------          -------      -------  ---------------------  -------------------      -------      -------  ---------------------  -------------------  


------------------------------------------------------------------------------------------------
| Other Path Groups Table
| -----------------------
------------------------------------------------------------------------------------------------

Path Group    From Clock    To Clock          WNS(ns)      TNS(ns)  TNS Failing Endpoints  TNS Total Endpoints      WHS(ns)      THS(ns)  THS Failing Endpoints  THS Total Endpoints  
----------    ----------    --------          -------      -------  ---------------------  -------------------      -------      -------  ---------------------  -------------------  


------------------------------------------------------------------------------------------------
| User Ignored Path Table
| -----------------------
------------------------------------------------------------------------------------------------

Path Group    From Clock    To Clock    
----------    ----------    --------    


------------------------------------------------------------------------------------------------
| Unconstrained Path Table
| ------------------------
------------------------------------------------------------------------------------------------

Path Group    From Clock    To Clock    
----------    ----------    --------    
(none)                                    


------------------------------------------------------------------------------------------------
| Timing Details
| --------------
------------------------------------------------------------------------------------------------


--------------------------------------------------------------------------------------
Path Group:  (none)
From Clock:  
  To Clock:  

Max Delay            74 Endpoints
Min Delay            74 Endpoints
--------------------------------------------------------------------------------------


Max Delay Paths
--------------------------------------------------------------------------------------
Slack:                    inf
  Source:                 led_reg[0]/C
                            (rising edge-triggered cell FDCE)
  Destination:            led[0]
                            (output port)
  Path Group:             (none)
  Path Type:              Max at Slow Process Corner
  Data Path Delay:        6.607ns  (logic 4.099ns (62.039%)  route 2.508ns (37.961%))
  Logic Levels:           2  (FDCE=1 OBUF=1)

    Location             Delay type                Incr(ns)  Path(ns)    Netlist Resource(s)
  -------------------------------------------------------------------    -------------------
    SLICE_X112Y125       FDCE                         0.000     0.000 r  led_reg[0]/C
    SLICE_X112Y125       FDCE (Prop_fdce_C_Q)         0.518     0.518 r  led_reg[0]/Q
                         net (fo=1, routed)           2.508     3.026    led_OBUF[0]
    M14                  OBUF (Prop_obuf_I_O)         3.581     6.607 r  led_OBUF[0]_inst/O
                         net (fo=0)                   0.000     6.607    led[0]
    M14                                                               r  led[0] (OUT)
  -------------------------------------------------------------------    -------------------

Slack:                    inf
  Source:                 led_reg[1]/C
                            (rising edge-triggered cell FDCE)
  Destination:            led[1]
                            (output port)
  Path Group:             (none)
  Path Type:              Max at Slow Process Corner
  Data Path Delay:        6.594ns  (logic 4.232ns (64.180%)  route 2.362ns (35.820%))
  Logic Levels:           2  (FDCE=1 OBUF=1)

    Location             Delay type                Incr(ns)  Path(ns)    Netlist Resource(s)
  -------------------------------------------------------------------    -------------------
    SLICE_X112Y125       FDCE                         0.000     0.000 r  led_reg[1]/C
    SLICE_X112Y125       FDCE (Prop_fdce_C_Q)         0.478     0.478 r  led_reg[1]/Q
                         net (fo=1, routed)           2.362     2.840    led_OBUF[1]
    M15                  OBUF (Prop_obuf_I_O)         3.754     6.594 r  led_OBUF[1]_inst/O
                         net (fo=0)                   0.000     6.594    led[1]
    M15                                                               r  led[1] (OUT)
  -------------------------------------------------------------------    -------------------

Slack:                    inf
  Source:                 led_reg[3]/C
                            (rising edge-triggered cell FDCE)
  Destination:            led[3]
                            (output port)
  Path Group:             (none)
  Path Type:              Max at Slow Process Corner
  Data Path Delay:        6.411ns  (logic 4.145ns (64.652%)  route 2.266ns (35.348%))
  Logic Levels:           2  (FDCE=1 OBUF=1)

    Location             Delay type                Incr(ns)  Path(ns)    Netlist Resource(s)
  -------------------------------------------------------------------    -------------------
    SLICE_X112Y125       FDCE                         0.000     0.000 r  led_reg[3]/C
    SLICE_X112Y125       FDCE (Prop_fdce_C_Q)         0.478     0.478 r  led_reg[3]/Q
                         net (fo=1, routed)           2.266     2.744    led_OBUF[3]
    D18                  OBUF (Prop_obuf_I_O)         3.667     6.411 r  led_OBUF[3]_inst/O
                         net (fo=0)                   0.000     6.411    led[3]
    D18                                                               r  led[3] (OUT)
  -------------------------------------------------------------------    -------------------

Slack:                    inf
  Source:                 led_reg[2]/C
                            (rising edge-triggered cell FDCE)
  Destination:            led[2]
                            (output port)
  Path Group:             (none)
  Path Type:              Max at Slow Process Corner
  Data Path Delay:        6.327ns  (logic 4.018ns (63.507%)  route 2.309ns (36.493%))
  Logic Levels:           2  (FDCE=1 OBUF=1)

    Location             Delay type                Incr(ns)  Path(ns)    Netlist Resource(s)
  -------------------------------------------------------------------    -------------------
    SLICE_X112Y125       FDCE                         0.000     0.000 r  led_reg[2]/C
    SLICE_X112Y125       FDCE (Prop_fdce_C_Q)         0.518     0.518 r  led_reg[2]/Q
                         net (fo=1, routed)           2.309     2.827    led_OBUF[2]
    G14                  OBUF (Prop_obuf_I_O)         3.500     6.327 r  led_OBUF[2]_inst/O
                         net (fo=0)                   0.000     6.327    led[2]
    G14                                                               r  led[2] (OUT)
  -------------------------------------------------------------------    -------------------

Slack:                    inf
  Source:                 cnt_reg[1]/C
                            (rising edge-triggered cell FDCE)
  Destination:            cnt_reg[26]/D
  Path Group:             (none)
  Path Type:              Max at Slow Process Corner
  Data Path Delay:        3.867ns  (logic 2.347ns (60.688%)  route 1.520ns (39.312%))
  Logic Levels:           9  (CARRY4=7 FDCE=1 LUT4=1)

    Location             Delay type                Incr(ns)  Path(ns)    Netlist Resource(s)
  -------------------------------------------------------------------    -------------------
    SLICE_X111Y122       FDCE                         0.000     0.000 r  cnt_reg[1]/C
    SLICE_X111Y122       FDCE (Prop_fdce_C_Q)         0.456     0.456 r  cnt_reg[1]/Q
                         net (fo=2, routed)           0.658     1.114    cnt_reg_n_0_[1]
    SLICE_X110Y121       CARRY4 (Prop_carry4_S[0]_CO[3])
                                                      0.656     1.770 r  cnt_reg[4]_i_2/CO[3]
                         net (fo=1, routed)           0.000     1.770    cnt_reg[4]_i_2_n_0
    SLICE_X110Y122       CARRY4 (Prop_carry4_CI_CO[3])
                                                      0.114     1.884 r  cnt_reg[8]_i_2/CO[3]
                         net (fo=1, routed)           0.000     1.884    cnt_reg[8]_i_2_n_0
    SLICE_X110Y123       CARRY4 (Prop_carry4_CI_CO[3])
                                                      0.114     1.998 r  cnt_reg[12]_i_2/CO[3]
                         net (fo=1, routed)           0.000     1.998    cnt_reg[12]_i_2_n_0
    SLICE_X110Y124       CARRY4 (Prop_carry4_CI_CO[3])
                                                      0.114     2.112 r  cnt_reg[16]_i_2/CO[3]
                         net (fo=1, routed)           0.009     2.121    cnt_reg[16]_i_2_n_0
    SLICE_X110Y125       CARRY4 (Prop_carry4_CI_CO[3])
                                                      0.114     2.235 r  cnt_reg[20]_i_2/CO[3]
                         net (fo=1, routed)           0.000     2.235    cnt_reg[20]_i_2_n_0
    SLICE_X110Y126       CARRY4 (Prop_carry4_CI_CO[3])
                                                      0.114     2.349 r  cnt_reg[24]_i_2/CO[3]
                         net (fo=1, routed)           0.000     2.349    cnt_reg[24]_i_2_n_0
    SLICE_X110Y127       CARRY4 (Prop_carry4_CI_O[1])
                                                      0.334     2.683 r  cnt_reg[26]_i_5/O[1]
                         net (fo=1, routed)           0.853     3.536    data0[26]
    SLICE_X111Y127       LUT4 (Prop_lut4_I3_O)        0.331     3.867 r  cnt[26]_i_1/O
                         net (fo=1, routed)           0.000     3.867    cnt[26]
    SLICE_X111Y127       FDCE                                         r  cnt_reg[26]/D
  -------------------------------------------------------------------    -------------------

Slack:                    inf
  Source:                 cnt_reg[3]/C
                            (rising edge-triggered cell FDCE)
  Destination:            cnt_reg[2]/D
  Path Group:             (none)
  Path Type:              Max at Slow Process Corner
  Data Path Delay:        3.799ns  (logic 0.854ns (22.478%)  route 2.945ns (77.522%))
  Logic Levels:           4  (FDCE=1 LUT4=2 LUT5=1)

    Location             Delay type                Incr(ns)  Path(ns)    Netlist Resource(s)
  -------------------------------------------------------------------    -------------------
    SLICE_X111Y122       FDCE                         0.000     0.000 r  cnt_reg[3]/C
    SLICE_X111Y122       FDCE (Prop_fdce_C_Q)         0.456     0.456 f  cnt_reg[3]/Q
                         net (fo=2, routed)           0.873     1.329    cnt_reg_n_0_[3]
    SLICE_X111Y122       LUT4 (Prop_lut4_I3_O)        0.124     1.453 r  cnt[26]_i_7/O
                         net (fo=1, routed)           0.902     2.355    cnt[26]_i_7_n_0
    SLICE_X111Y126       LUT5 (Prop_lut5_I4_O)        0.124     2.479 r  cnt[26]_i_2/O
                         net (fo=29, routed)          1.170     3.649    cnt[26]_i_2_n_0
    SLICE_X111Y122       LUT4 (Prop_lut4_I0_O)        0.150     3.799 r  cnt[2]_i_1/O
                         net (fo=1, routed)           0.000     3.799    cnt[2]
    SLICE_X111Y122       FDCE                                         r  cnt_reg[2]/D
  -------------------------------------------------------------------    -------------------

Slack:                    inf
  Source:                 cnt_reg[3]/C
                            (rising edge-triggered cell FDCE)
  Destination:            cnt_reg[4]/D
  Path Group:             (none)
  Path Type:              Max at Slow Process Corner
  Data Path Delay:        3.797ns  (logic 0.854ns (22.490%)  route 2.943ns (77.510%))
  Logic Levels:           4  (FDCE=1 LUT4=2 LUT5=1)

    Location             Delay type                Incr(ns)  Path(ns)    Netlist Resource(s)
  -------------------------------------------------------------------    -------------------
    SLICE_X111Y122       FDCE                         0.000     0.000 r  cnt_reg[3]/C
    SLICE_X111Y122       FDCE (Prop_fdce_C_Q)         0.456     0.456 f  cnt_reg[3]/Q
                         net (fo=2, routed)           0.873     1.329    cnt_reg_n_0_[3]
    SLICE_X111Y122       LUT4 (Prop_lut4_I3_O)        0.124     1.453 r  cnt[26]_i_7/O
                         net (fo=1, routed)           0.902     2.355    cnt[26]_i_7_n_0
    SLICE_X111Y126       LUT5 (Prop_lut5_I4_O)        0.124     2.479 r  cnt[26]_i_2/O
                         net (fo=29, routed)          1.168     3.647    cnt[26]_i_2_n_0
    SLICE_X111Y122       LUT4 (Prop_lut4_I0_O)        0.150     3.797 r  cnt[4]_i_1/O
                         net (fo=1, routed)           0.000     3.797    cnt[4]
    SLICE_X111Y122       FDCE                                         r  cnt_reg[4]/D
  -------------------------------------------------------------------    -------------------

Slack:                    inf
  Source:                 cnt_reg[3]/C
                            (rising edge-triggered cell FDCE)
  Destination:            cnt_reg[1]/D
  Path Group:             (none)
  Path Type:              Max at Slow Process Corner
  Data Path Delay:        3.773ns  (logic 0.828ns (21.944%)  route 2.945ns (78.056%))
  Logic Levels:           4  (FDCE=1 LUT4=2 LUT5=1)

    Location             Delay type                Incr(ns)  Path(ns)    Netlist Resource(s)
  -------------------------------------------------------------------    -------------------
    SLICE_X111Y122       FDCE                         0.000     0.000 r  cnt_reg[3]/C
    SLICE_X111Y122       FDCE (Prop_fdce_C_Q)         0.456     0.456 f  cnt_reg[3]/Q
                         net (fo=2, routed)           0.873     1.329    cnt_reg_n_0_[3]
    SLICE_X111Y122       LUT4 (Prop_lut4_I3_O)        0.124     1.453 r  cnt[26]_i_7/O
                         net (fo=1, routed)           0.902     2.355    cnt[26]_i_7_n_0
    SLICE_X111Y126       LUT5 (Prop_lut5_I4_O)        0.124     2.479 r  cnt[26]_i_2/O
                         net (fo=29, routed)          1.170     3.649    cnt[26]_i_2_n_0
    SLICE_X111Y122       LUT4 (Prop_lut4_I0_O)        0.124     3.773 r  cnt[1]_i_1/O
                         net (fo=1, routed)           0.000     3.773    cnt[1]
    SLICE_X111Y122       FDCE                                         r  cnt_reg[1]/D
  -------------------------------------------------------------------    -------------------

Slack:                    inf
  Source:                 cnt_reg[3]/C
                            (rising edge-triggered cell FDCE)
  Destination:            cnt_reg[3]/D
  Path Group:             (none)
  Path Type:              Max at Slow Process Corner
  Data Path Delay:        3.771ns  (logic 0.828ns (21.956%)  route 2.943ns (78.044%))
  Logic Levels:           4  (FDCE=1 LUT4=2 LUT5=1)

    Location             Delay type                Incr(ns)  Path(ns)    Netlist Resource(s)
  -------------------------------------------------------------------    -------------------
    SLICE_X111Y122       FDCE                         0.000     0.000 r  cnt_reg[3]/C
    SLICE_X111Y122       FDCE (Prop_fdce_C_Q)         0.456     0.456 f  cnt_reg[3]/Q
                         net (fo=2, routed)           0.873     1.329    cnt_reg_n_0_[3]
    SLICE_X111Y122       LUT4 (Prop_lut4_I3_O)        0.124     1.453 r  cnt[26]_i_7/O
                         net (fo=1, routed)           0.902     2.355    cnt[26]_i_7_n_0
    SLICE_X111Y126       LUT5 (Prop_lut5_I4_O)        0.124     2.479 r  cnt[26]_i_2/O
                         net (fo=29, routed)          1.168     3.647    cnt[26]_i_2_n_0
    SLICE_X111Y122       LUT4 (Prop_lut4_I0_O)        0.124     3.771 r  cnt[3]_i_1/O
                         net (fo=1, routed)           0.000     3.771    cnt[3]
    SLICE_X111Y122       FDCE                                         r  cnt_reg[3]/D
  -------------------------------------------------------------------    -------------------

Slack:                    inf
  Source:                 cnt_reg[3]/C
                            (rising edge-triggered cell FDCE)
  Destination:            cnt_reg[18]/D
  Path Group:             (none)
  Path Type:              Max at Slow Process Corner
  Data Path Delay:        3.704ns  (logic 0.856ns (23.113%)  route 2.848ns (76.887%))
  Logic Levels:           4  (FDCE=1 LUT4=2 LUT5=1)

    Location             Delay type                Incr(ns)  Path(ns)    Netlist Resource(s)
  -------------------------------------------------------------------    -------------------
    SLICE_X111Y122       FDCE                         0.000     0.000 r  cnt_reg[3]/C
    SLICE_X111Y122       FDCE (Prop_fdce_C_Q)         0.456     0.456 f  cnt_reg[3]/Q
                         net (fo=2, routed)           0.873     1.329    cnt_reg_n_0_[3]
    SLICE_X111Y122       LUT4 (Prop_lut4_I3_O)        0.124     1.453 r  cnt[26]_i_7/O
                         net (fo=1, routed)           0.902     2.355    cnt[26]_i_7_n_0
    SLICE_X111Y126       LUT5 (Prop_lut5_I4_O)        0.124     2.479 r  cnt[26]_i_2/O
                         net (fo=29, routed)          1.073     3.552    cnt[26]_i_2_n_0
    SLICE_X111Y125       LUT4 (Prop_lut4_I0_O)        0.152     3.704 r  cnt[18]_i_1/O
                         net (fo=1, routed)           0.000     3.704    cnt[18]
    SLICE_X111Y125       FDCE                                         r  cnt_reg[18]/D
  -------------------------------------------------------------------    -------------------





Min Delay Paths
--------------------------------------------------------------------------------------
Slack:                    inf
  Source:                 idx_reg[0]/C
                            (rising edge-triggered cell FDCE)
  Destination:            idx_reg[1]/D
  Path Group:             (none)
  Path Type:              Min at Fast Process Corner
  Data Path Delay:        0.416ns  (logic 0.184ns (44.205%)  route 0.232ns (55.795%))
  Logic Levels:           2  (FDCE=1 LUT5=1)

    Location             Delay type                Incr(ns)  Path(ns)    Netlist Resource(s)
  -------------------------------------------------------------------    -------------------
    SLICE_X111Y125       FDCE                         0.000     0.000 r  idx_reg[0]/C
    SLICE_X111Y125       FDCE (Prop_fdce_C_Q)         0.141     0.141 r  idx_reg[0]/Q
                         net (fo=6, routed)           0.232     0.373    idx_reg_n_0_[0]
    SLICE_X111Y125       LUT5 (Prop_lut5_I0_O)        0.043     0.416 r  idx[1]_i_1/O
                         net (fo=1, routed)           0.000     0.416    idx[1]_i_1_n_0
    SLICE_X111Y125       FDCE                                         r  idx_reg[1]/D
  -------------------------------------------------------------------    -------------------

Slack:                    inf
  Source:                 idx_reg[0]/C
                            (rising edge-triggered cell FDCE)
  Destination:            idx_reg[0]/D
  Path Group:             (none)
  Path Type:              Min at Fast Process Corner
  Data Path Delay:        0.418ns  (logic 0.186ns (44.472%)  route 0.232ns (55.528%))
  Logic Levels:           2  (FDCE=1 LUT4=1)

    Location             Delay type                Incr(ns)  Path(ns)    Netlist Resource(s)
  -------------------------------------------------------------------    -------------------
    SLICE_X111Y125       FDCE                         0.000     0.000 r  idx_reg[0]/C
    SLICE_X111Y125       FDCE (Prop_fdce_C_Q)         0.141     0.141 r  idx_reg[0]/Q
                         net (fo=6, routed)           0.232     0.373    idx_reg_n_0_[0]
    SLICE_X111Y125       LUT4 (Prop_lut4_I3_O)        0.045     0.418 r  idx[0]_i_1/O
                         net (fo=1, routed)           0.000     0.418    idx[0]_i_1_n_0
    SLICE_X111Y125       FDCE                                         r  idx_reg[0]/D
  -------------------------------------------------------------------    -------------------

Slack:                    inf
  Source:                 idx_reg[1]/C
                            (rising edge-triggered cell FDCE)
  Destination:            led_reg[2]/D
  Path Group:             (none)
  Path Type:              Min at Fast Process Corner
  Data Path Delay:        0.438ns  (logic 0.226ns (51.621%)  route 0.212ns (48.379%))
  Logic Levels:           2  (FDCE=1 LUT2=1)

    Location             Delay type                Incr(ns)  Path(ns)    Netlist Resource(s)
  -------------------------------------------------------------------    -------------------
    SLICE_X111Y125       FDCE                         0.000     0.000 r  idx_reg[1]/C
    SLICE_X111Y125       FDCE (Prop_fdce_C_Q)         0.128     0.128 r  idx_reg[1]/Q
                         net (fo=5, routed)           0.212     0.340    idx_reg_n_0_[1]
    SLICE_X112Y125       LUT2 (Prop_lut2_I0_O)        0.098     0.438 r  led[2]_i_1/O
                         net (fo=1, routed)           0.000     0.438    led[2]_i_1_n_0
    SLICE_X112Y125       FDCE                                         r  led_reg[2]/D
  -------------------------------------------------------------------    -------------------

Slack:                    inf
  Source:                 idx_reg[1]/C
                            (rising edge-triggered cell FDCE)
  Destination:            led_reg[0]/D
  Path Group:             (none)
  Path Type:              Min at Fast Process Corner
  Data Path Delay:        0.439ns  (logic 0.226ns (51.504%)  route 0.213ns (48.496%))
  Logic Levels:           2  (FDCE=1 LUT2=1)

    Location             Delay type                Incr(ns)  Path(ns)    Netlist Resource(s)
  -------------------------------------------------------------------    -------------------
    SLICE_X111Y125       FDCE                         0.000     0.000 r  idx_reg[1]/C
    SLICE_X111Y125       FDCE (Prop_fdce_C_Q)         0.128     0.128 f  idx_reg[1]/Q
                         net (fo=5, routed)           0.213     0.341    idx_reg_n_0_[1]
    SLICE_X112Y125       LUT2 (Prop_lut2_I0_O)        0.098     0.439 r  led[0]_i_1/O
                         net (fo=1, routed)           0.000     0.439    led[0]_i_1_n_0
    SLICE_X112Y125       FDCE                                         r  led_reg[0]/D
  -------------------------------------------------------------------    -------------------

Slack:                    inf
  Source:                 idx_reg[1]/C
                            (rising edge-triggered cell FDCE)
  Destination:            led_reg[1]/D
  Path Group:             (none)
  Path Type:              Min at Fast Process Corner
  Data Path Delay:        0.440ns  (logic 0.227ns (51.614%)  route 0.213ns (48.386%))
  Logic Levels:           2  (FDCE=1 LUT2=1)

    Location             Delay type                Incr(ns)  Path(ns)    Netlist Resource(s)
  -------------------------------------------------------------------    -------------------
    SLICE_X111Y125       FDCE                         0.000     0.000 r  idx_reg[1]/C
    SLICE_X111Y125       FDCE (Prop_fdce_C_Q)         0.128     0.128 f  idx_reg[1]/Q
                         net (fo=5, routed)           0.213     0.341    idx_reg_n_0_[1]
    SLICE_X112Y125       LUT2 (Prop_lut2_I1_O)        0.099     0.440 r  led[1]_i_1/O
                         net (fo=1, routed)           0.000     0.440    led[1]_i_1_n_0
    SLICE_X112Y125       FDCE                                         r  led_reg[1]/D
  -------------------------------------------------------------------    -------------------

Slack:                    inf
  Source:                 idx_reg[1]/C
                            (rising edge-triggered cell FDCE)
  Destination:            led_reg[3]/D
  Path Group:             (none)
  Path Type:              Min at Fast Process Corner
  Data Path Delay:        0.440ns  (logic 0.228ns (51.841%)  route 0.212ns (48.159%))
  Logic Levels:           2  (FDCE=1 LUT2=1)

    Location             Delay type                Incr(ns)  Path(ns)    Netlist Resource(s)
  -------------------------------------------------------------------    -------------------
    SLICE_X111Y125       FDCE                         0.000     0.000 r  idx_reg[1]/C
    SLICE_X111Y125       FDCE (Prop_fdce_C_Q)         0.128     0.128 r  idx_reg[1]/Q
                         net (fo=5, routed)           0.212     0.340    idx_reg_n_0_[1]
    SLICE_X112Y125       LUT2 (Prop_lut2_I0_O)        0.100     0.440 r  led[3]_i_2/O
                         net (fo=1, routed)           0.000     0.440    led[3]_i_2_n_0
    SLICE_X112Y125       FDCE                                         r  led_reg[3]/D
  -------------------------------------------------------------------    -------------------

Slack:                    inf
  Source:                 cnt_reg[14]/C
                            (rising edge-triggered cell FDCE)
  Destination:            cnt_reg[15]/D
  Path Group:             (none)
  Path Type:              Min at Fast Process Corner
  Data Path Delay:        0.511ns  (logic 0.271ns (53.080%)  route 0.240ns (46.920%))
  Logic Levels:           3  (FDCE=1 LUT4=1 LUT5=1)

    Location             Delay type                Incr(ns)  Path(ns)    Netlist Resource(s)
  -------------------------------------------------------------------    -------------------
    SLICE_X111Y124       FDCE                         0.000     0.000 r  cnt_reg[14]/C
    SLICE_X111Y124       FDCE (Prop_fdce_C_Q)         0.128     0.128 f  cnt_reg[14]/Q
                         net (fo=2, routed)           0.100     0.228    cnt_reg_n_0_[14]
    SLICE_X111Y124       LUT5 (Prop_lut5_I3_O)        0.098     0.326 r  cnt[26]_i_4/O
                         net (fo=29, routed)          0.140     0.466    cnt[26]_i_4_n_0
    SLICE_X111Y124       LUT4 (Prop_lut4_I2_O)        0.045     0.511 r  cnt[15]_i_1/O
                         net (fo=1, routed)           0.000     0.511    cnt[15]
    SLICE_X111Y124       FDCE                                         r  cnt_reg[15]/D
  -------------------------------------------------------------------    -------------------

Slack:                    inf
  Source:                 cnt_reg[14]/C
                            (rising edge-triggered cell FDCE)
  Destination:            cnt_reg[16]/D
  Path Group:             (none)
  Path Type:              Min at Fast Process Corner
  Data Path Delay:        0.517ns  (logic 0.277ns (53.625%)  route 0.240ns (46.375%))
  Logic Levels:           3  (FDCE=1 LUT4=1 LUT5=1)

    Location             Delay type                Incr(ns)  Path(ns)    Netlist Resource(s)
  -------------------------------------------------------------------    -------------------
    SLICE_X111Y124       FDCE                         0.000     0.000 r  cnt_reg[14]/C
    SLICE_X111Y124       FDCE (Prop_fdce_C_Q)         0.128     0.128 f  cnt_reg[14]/Q
                         net (fo=2, routed)           0.100     0.228    cnt_reg_n_0_[14]
    SLICE_X111Y124       LUT5 (Prop_lut5_I3_O)        0.098     0.326 r  cnt[26]_i_4/O
                         net (fo=29, routed)          0.140     0.466    cnt[26]_i_4_n_0
    SLICE_X111Y124       LUT4 (Prop_lut4_I2_O)        0.051     0.517 r  cnt[16]_i_1/O
                         net (fo=1, routed)           0.000     0.517    cnt[16]
    SLICE_X111Y124       FDCE                                         r  cnt_reg[16]/D
  -------------------------------------------------------------------    -------------------

Slack:                    inf
  Source:                 cnt_reg[19]/C
                            (rising edge-triggered cell FDCE)
  Destination:            cnt_reg[19]/D
  Path Group:             (none)
  Path Type:              Min at Fast Process Corner
  Data Path Delay:        0.590ns  (logic 0.360ns (60.972%)  route 0.230ns (39.028%))
  Logic Levels:           3  (CARRY4=1 FDCE=1 LUT4=1)

    Location             Delay type                Incr(ns)  Path(ns)    Netlist Resource(s)
  -------------------------------------------------------------------    -------------------
    SLICE_X111Y125       FDCE                         0.000     0.000 r  cnt_reg[19]/C
    SLICE_X111Y125       FDCE (Prop_fdce_C_Q)         0.141     0.141 r  cnt_reg[19]/Q
                         net (fo=2, routed)           0.069     0.210    cnt_reg_n_0_[19]
    SLICE_X110Y125       CARRY4 (Prop_carry4_S[2]_O[2])
                                                      0.111     0.321 r  cnt_reg[20]_i_2/O[2]
                         net (fo=1, routed)           0.161     0.482    data0[19]
    SLICE_X111Y125       LUT4 (Prop_lut4_I3_O)        0.108     0.590 r  cnt[19]_i_1/O
                         net (fo=1, routed)           0.000     0.590    cnt[19]
    SLICE_X111Y125       FDCE                                         r  cnt_reg[19]/D
  -------------------------------------------------------------------    -------------------

Slack:                    inf
  Source:                 cnt_reg[23]/C
                            (rising edge-triggered cell FDCE)
  Destination:            cnt_reg[23]/D
  Path Group:             (none)
  Path Type:              Min at Fast Process Corner
  Data Path Delay:        0.590ns  (logic 0.360ns (60.972%)  route 0.230ns (39.028%))
  Logic Levels:           3  (CARRY4=1 FDCE=1 LUT4=1)

    Location             Delay type                Incr(ns)  Path(ns)    Netlist Resource(s)
  -------------------------------------------------------------------    -------------------
    SLICE_X111Y126       FDCE                         0.000     0.000 r  cnt_reg[23]/C
    SLICE_X111Y126       FDCE (Prop_fdce_C_Q)         0.141     0.141 r  cnt_reg[23]/Q
                         net (fo=2, routed)           0.069     0.210    cnt_reg_n_0_[23]
    SLICE_X110Y126       CARRY4 (Prop_carry4_S[2]_O[2])
                                                      0.111     0.321 r  cnt_reg[24]_i_2/O[2]
                         net (fo=1, routed)           0.161     0.482    data0[23]
    SLICE_X111Y126       LUT4 (Prop_lut4_I3_O)        0.108     0.590 r  cnt[23]_i_1/O
                         net (fo=1, routed)           0.000     0.590    cnt[23]
    SLICE_X111Y126       FDCE                                         r  cnt_reg[23]/D
  -------------------------------------------------------------------    -------------------





